// Vitest Snapshot v1, https://vitest.dev/guide/snapshot.html

exports[`Snapshot tests for complex schemas > matches snapshot for complex nested schema 1`] = `
"export interface Settings {
  theme: "light" | "dark";
  notifications: boolean;
}

export interface Metadata {
  role: "admin" | "user" | "guest";
  permissions: string[];
  settings?: Settings;
}

export interface Normalized {
  description: string;
  description_tokens: string[];
  metadata: Metadata | null;
}

export interface EnrichedTransactionSchema {
  version: string;
  normalized: Normalized;
  tags?: string[];
}"
`;

exports[`Snapshot tests for complex schemas > matches snapshot for union-heavy schema 1`] = `
"export interface PayloadOption0 {
  kind: "a";
  value: number;
}

export interface PayloadOption1 {
  kind: "b";
  count: number;
}

export interface PayloadOption2 {
  kind: "c";
  data: string;
}

export interface UnionExample {
  status: "pending" | "done" | "cancelled";
  payload: PayloadOption0 | PayloadOption1 | PayloadOption2;
}"
`;
